[    3593ms] [INFO] %cDownload the React DevTools for a better development experience: https://react.dev/link/react-devtools font-weight:bold @ http://localhost:3000/_next/static/chunks/0l39_next_dist_0ckjypb._.js:2477
[    3754ms] [LOG] [HMR] connected @ http://localhost:3000/_next/static/chunks/0l39_next_dist_0ckjypb._.js:2477
[    3767ms] [ERROR] %c%s%c Each child in a list should have a unique "key" prop.%s%s See https://react.dev/link/warning-keys for more information. background: #e6e6e6;background: light-dark(rgba(0,0,0,0.1), rgba(255,255,255,0.25));color: #000000;color: light-dark(#000000, #ffffff);border-radius: 2px  Server     @ http://localhost:3000/_next/static/chunks/0l39_next_dist_0ckjypb._.js:3318
[   43836ms] [LOG] [Fast Refresh] rebuilding @ http://localhost:3000/_next/static/chunks/0l39_next_dist_0ckjypb._.js:2477
[   43886ms] [ERROR] ./ShoutaMatsuo_Website/src/components/Resources.tsx:67:17
Expression expected
  65 |                   />
  66 |                 ))}
> 67 |               </>
     |                 ^
  68 |             ))}
  69 |           </div>
  70 |           <div className="flex gap-4 mt-4 font-mono text-[11px] text-ink-3">

Parsing ecmascript source code failed

Import trace:
  Server Component:
    ./ShoutaMatsuo_Website/src/components/Resources.tsx
    ./ShoutaMatsuo_Website/src/app/page.tsx @ http://localhost:3000/_next/static/chunks/0l39_next_dist_0ckjypb._.js:3318
[   44008ms] [LOG] [Fast Refresh] rebuilding @ http://localhost:3000/_next/static/chunks/0l39_next_dist_0ckjypb._.js:2477
[   44514ms] [ERROR] ./ShoutaMatsuo_Website/src/components/Resources.tsx:67:17
Expression expected
  65 |                   />
  66 |                 ))}
> 67 |               </>
     |                 ^
  68 |             ))}
  69 |           </div>
  70 |           <div className="flex gap-4 mt-4 font-mono text-[11px] text-ink-3">

Parsing ecmascript source code failed

Import trace:
  Server Component:
    ./ShoutaMatsuo_Website/src/components/Resources.tsx
    ./ShoutaMatsuo_Website/src/app/page.tsx @ http://localhost:3000/_next/static/chunks/0l39_next_dist_0ckjypb._.js:3318
[   44615ms] [LOG] [Fast Refresh] rebuilding @ http://localhost:3000/_next/static/chunks/0l39_next_dist_0ckjypb._.js:2477
[   44868ms] [ERROR] ./ShoutaMatsuo_Website/src/components/Resources.tsx:67:17
Expression expected
  65 |                   />
  66 |                 ))}
> 67 |               </>
     |                 ^
  68 |             ))}
  69 |           </div>
  70 |           <div className="flex gap-4 mt-4 font-mono text-[11px] text-ink-3">

Parsing ecmascript source code failed

Import trace:
  Server Component:
    ./ShoutaMatsuo_Website/src/components/Resources.tsx
    ./ShoutaMatsuo_Website/src/app/page.tsx @ http://localhost:3000/_next/static/chunks/0l39_next_dist_0ckjypb._.js:3318
[   44868ms] [ERROR] Failed to load resource: the server responded with a status of 500 (Internal Server Error) @ http://localhost:3000/?_rsc=q3mOO9BClNZHexY7:0
[   44983ms] [ERROR] Failed to load resource: the server responded with a status of 500 (Internal Server Error) @ http://localhost:3000/:0
[   45061ms] [INFO] %cDownload the React DevTools for a better development experience: https://react.dev/link/react-devtools font-weight:bold @ http://localhost:3000/_next/static/chunks/0l39_react-dom_0j20hre._.js:15305
[   45101ms] Error: ./ShoutaMatsuo_Website/src/components/Resources.tsx:67:17
Expression expected
  65 |                   />
  66 |                 ))}
> 67 |               </>
     |                 ^
  68 |             ))}
  69 |           </div>
  70 |           <div className="flex gap-4 mt-4 font-mono text-[11px] text-ink-3">

Parsing ecmascript source code failed

Import trace:
  Server Component:
    ./ShoutaMatsuo_Website/src/components/Resources.tsx
    ./ShoutaMatsuo_Website/src/app/page.tsx


    at <unknown> (Error: ./ShoutaMatsuo_Website/src/components/Resources.tsx:67:17)
    at Object.getCompilationErrors (file:///Users/shoutamatsu/ShoutaMatsuo_Website/node_modules/next/dist/server/dev/hot-reloader-turbopack.js:1186:59)
    at DevBundlerService.getCompilationError (file:///Users/shoutamatsu/ShoutaMatsuo_Website/node_modules/next/dist/server/lib/dev-bundler-service.js:44:55)
    at DevServer.getCompilationError (file:///Users/shoutamatsu/ShoutaMatsuo_Website/node_modules/next/dist/server/dev/next-dev-server.js:720:42)
    at DevServer.findPageComponents (file:///Users/shoutamatsu/ShoutaMatsuo_Website/node_modules/next/dist/server/dev/next-dev-server.js:690:43)
    at async DevServer.renderErrorToResponseImpl (file:///Users/shoutamatsu/ShoutaMatsuo_Website/node_modules/next/dist/server/base-server.js:1753:26)
[   45099ms] [LOG] [HMR] connected @ http://localhost:3000/_next/static/chunks/0l39_next_dist_097w-xl._.js:1226
[   45101ms] [ERROR] ./ShoutaMatsuo_Website/src/components/Resources.tsx:67:17
Expression expected
  65 |                   />
  66 |                 ))}
> 67 |               </>
     |                 ^
  68 |             ))}
  69 |           </div>
  70 |           <div className="flex gap-4 mt-4 font-mono text-[11px] text-ink-3">

Parsing ecmascript source code failed

Import trace:
  Server Component:
    ./ShoutaMatsuo_Website/src/components/Resources.tsx
    ./ShoutaMatsuo_Website/src/app/page.tsx @ http://localhost:3000/_next/static/chunks/0l39_next_dist_097w-xl._.js:1945
[   45166ms] [ERROR] ./ShoutaMatsuo_Website/src/components/Resources.tsx:67:17
Expression expected
  65 |                   />
  66 |                 ))}
> 67 |               </>
     |                 ^
  68 |             ))}
  69 |           </div>
  70 |           <div className="flex gap-4 mt-4 font-mono text-[11px] text-ink-3">

Parsing ecmascript source code failed

Import trace:
  Server Component:
    ./ShoutaMatsuo_Website/src/components/Resources.tsx
    ./ShoutaMatsuo_Website/src/app/page.tsx @ http://localhost:3000/_next/static/chunks/0l39_next_dist_097w-xl._.js:1945
[   45217ms] [LOG] [Fast Refresh] rebuilding @ http://localhost:3000/_next/static/chunks/0l39_next_dist_097w-xl._.js:1226
[   47802ms] [LOG] [Fast Refresh] rebuilding @ http://localhost:3000/_next/static/chunks/0l39_next_dist_097w-xl._.js:1226
[   47837ms] [LOG] [Fast Refresh] done in 82ms @ http://localhost:3000/_next/static/chunks/0l39_next_dist_097w-xl._.js:1226
[   48036ms] [LOG] [Fast Refresh] rebuilding @ http://localhost:3000/_next/static/chunks/0l39_next_dist_097w-xl._.js:1226
[   48095ms] [LOG] [Fast Refresh] done in 161ms @ http://localhost:3000/_next/static/chunks/0l39_next_dist_097w-xl._.js:1226
[   48197ms] [LOG] [Fast Refresh] rebuilding @ http://localhost:3000/_next/static/chunks/0l39_next_dist_097w-xl._.js:1226
[   48227ms] [LOG] [Fast Refresh] done in 131ms @ http://localhost:3000/_next/static/chunks/0l39_next_dist_097w-xl._.js:1226
[   48334ms] [ERROR] Failed to load resource: the server responded with a status of 500 (Internal Server Error) @ http://localhost:3000/:0
[   48395ms] [INFO] %cDownload the React DevTools for a better development experience: https://react.dev/link/react-devtools font-weight:bold @ http://localhost:3000/_next/static/chunks/0l39_next_dist_0ckjypb._.js:2477
[   48409ms] [LOG] [HMR] connected @ http://localhost:3000/_next/static/chunks/0l39_next_dist_0ckjypb._.js:2477
[   48543ms] ReferenceError: Fragment is not defined
    at <anonymous> (about://React/Server/file:///Users/shoutamatsu/ShoutaMatsuo_Website/.next/dev/server/chunks/ssr/%5Broot-of-the-server%5D__11fhu-~._.js?0:1400:479)
    at Array.map (<anonymous>:1:18)
    at Resources (about://React/Server/file:///Users/shoutamatsu/ShoutaMatsuo_Website/.next/dev/server/chunks/ssr/%5Broot-of-the-server%5D__11fhu-~._.js?1:1400:190)
    at resolveErrorDev (http://localhost:3000/_next/static/chunks/0l39_next_dist_compiled_react-server-dom-turbopack_0q3vy1i._.js:1919:105)
    at processFullStringRow (http://localhost:3000/_next/static/chunks/0l39_next_dist_compiled_react-server-dom-turbopack_0q3vy1i._.js:2434:29)
    at processFullBinaryRow (http://localhost:3000/_next/static/chunks/0l39_next_dist_compiled_react-server-dom-turbopack_0q3vy1i._.js:2393:9)
    at processBinaryChunk (http://localhost:3000/_next/static/chunks/0l39_next_dist_compiled_react-server-dom-turbopack_0q3vy1i._.js:2502:221)
    at progress (http://localhost:3000/_next/static/chunks/0l39_next_dist_compiled_react-server-dom-turbopack_0q3vy1i._.js:2689:13)
[   51195ms] [LOG] [Fast Refresh] rebuilding @ http://localhost:3000/_next/static/chunks/0l39_next_dist_0ckjypb._.js:2477
[   51228ms] [LOG] [Fast Refresh] done in 41ms @ http://localhost:3000/_next/static/chunks/0l39_next_dist_0ckjypb._.js:2477
[   51525ms] [INFO] %cDownload the React DevTools for a better development experience: https://react.dev/link/react-devtools font-weight:bold @ http://localhost:3000/_next/static/chunks/0l39_next_dist_0ckjypb._.js:2477
[   51538ms] [LOG] [HMR] connected @ http://localhost:3000/_next/static/chunks/0l39_next_dist_0ckjypb._.js:2477
[   58091ms] [LOG] [Fast Refresh] rebuilding @ http://localhost:3000/_next/static/chunks/0l39_next_dist_0ckjypb._.js:2477
[   58167ms] [LOG] [Fast Refresh] done in 25ms @ http://localhost:3000/_next/static/chunks/0l39_next_dist_0ckjypb._.js:2477
